// Jest Snapshot v1, https://goo.gl/fbAQLP

exports[`Component renders 1`] = `
<div>
  <footer>
    <div
      class="container"
    >
      <a
        class="logo-font"
        href="/"
      >
        conduit
      </a>
      <span
        class="attribution"
      >
        An interactive learning project from 
        <a
          href="https://thinkster.io"
        >
          Thinkster
        </a>
        . Code & design licensed under MIT.
      </span>
    </div>
  </footer>
</div>
`;
